Microchip MPLAB XC8 Compiler V2.36

Linker command line:

-W-9 --edf=/opt/microchip/xc8/v2.36/pic/dat/en_msgs.txt -cn \
  -h+dist/default/production/PICGenios.X.production.sym \
  --cmf=dist/default/production/PICGenios.X.production.cmf -z -Q18F4620 \
  -o/tmp/xcXlacFgH --defsym=__MPLAB_BUILD=1 \
  -Mdist/default/production/PICGenios.X.production.map \
  --md=/tmp/xcXikdoNp.dat -E1 -ver=XC8 Compiler --acfsm=1493 \
  -ACODE=00h-0FFFFh -ACONST=00h-0FFFFh -ASMALLCONST=01000h-010FFhx240 \
  -AMEDIUMCONST=01000h-0FFFFh -ACOMRAM=01h-07Fh -AABS1=00h-0F7Fh \
  -ABIGRAM=01h-0F7Fh -ARAM=080h-0FFh,0100h-01FFhx14,0F00h-0F7Fh \
  -ABANK0=080h-0FFh -ABANK1=0100h-01FFh -ABANK2=0200h-02FFh \
  -ABANK3=0300h-03FFh -ABANK4=0400h-04FFh -ABANK5=0500h-05FFh \
  -ABANK6=0600h-06FFh -ABANK7=0700h-07FFh -ABANK8=0800h-08FFh \
  -ABANK9=0900h-09FFh -ABANK10=0A00h-0AFFh -ABANK11=0B00h-0BFFh \
  -ABANK12=0C00h-0CFFh -ABANK13=0D00h-0DFFh -ABANK14=0E00h-0EFFh \
  -ABANK15=0F00h-0F7Fh -ASFR=0F80h-0FFFh -ABIGSFR=0F80h-0FFFh \
  -ACONFIG=0300000h-030000Dh -AIDLOC=0200000h-0200007h \
  -AEEDATA=0F00000h-0F003FFh -peeprom_data=EEDATA \
  -preset_vec=00h,intcode=08h,intcodelo=018h,powerup,init -pramtop=01000h \
  -psmallconst=SMALLCONST -pmediumconst=MEDIUMCONST -pconst=CONST \
  -AFARRAM=00h-00h \
  -prdata=COMRAM,nvrram=COMRAM,nvbit=COMRAM,rbss=COMRAM,rbit=COMRAM \
  -pfarbss=FARRAM,fardata=FARRAM,nvFARRAM=FARRAM \
  -pintsave_regs=BIGRAM,bigbss=BIGRAM,bigdata=BIGRAM -pbss=RAM \
  -pidata=CODE,irdata=CODE,ibigdata=CODE,ifardata=CODE -prparam=COMRAM \
  /tmp/xcXkpIapd.o dist/default/production/PICGenios.X.production.o 

Object code version is 3.11

Machine type is 18F4620



                Name                               Link     Load   Length Selector   Space Scale
/tmp/xcXkpIapd.o
                idloc                            200000   200000        8        0       5
                config                           300000   300000        E        0       4
                init                                 28       28        4        C       0
                reset_vec                             0        0        4        0       0
dist/default/production/PICGenios.X.production.o
                eeprom_data                      F00000   F00000       10   F00000       0
                intcodelo                            18       18       10        C       0
                intcode                               8        8        6        4       0
                idloc                            200000   200000        8        0       5
                config                           300000   300000        E        0       4
                temp                                 44       44        1        1       1
                mediumconst                        FED6     FED6      12A     7F6B       0
                text45                             109A     109A       74        C       0
                intcode_body                       13A8     13A8       4E        C       0
                text42                             15D2     15D2        8        C       0
                text41                             15CA     15CA        8        C       0
                text40                             14A0     14A0       2E        C       0
                text39                             1246     1246       62        C       0
                text38                             14F6     14F6       26        C       0
                text37                             12A8     12A8       5C        C       0
                text36                             1026     1026       74        C       0
                text35                             11E2     11E2       64        C       0
                text34                              7C0      7C0      108        C       0
                text33                             1472     1472       2E        C       0
                text32                              EBA      EBA       7C        C       0
                text31                              434      434      14E        C       0
                text30                             1560     1560       12        C       0
                text29                              DA2      DA2       8E        C       0
                text28                             1582     1582       10        C       0
                text27                             1572     1572       10        C       0
                text26                             110E     110E       6C        C       0
                text25                             117A     117A       68        C       0
                text24                              FB0      FB0       76        C       0
                text23                             135A     135A       4E        C       0
                text22                              582      582      124        C       0
                text21                             15AC     15AC        C        C       0
                text20                             14CE     14CE       28        C       0
                text19                              6A6      6A6      11A        C       0
                text18                             143C     143C       36        C       0
                text17                             15A0     15A0        C        C       0
                text16                             15B8     15B8        A        C       0
                text15                              AB8      AB8       D8        C       0
                text14                              F36      F36       7A        C       0
                text13                              9C4      9C4       F4        C       0
                text12                             13F6     13F6       46        C       0
                text11                             15C2     15C2        8        C       0
                text10                             154C     154C       14        C       0
                text9                               D12      D12       90        C       0
                text8                              1536     1536       16        C       0
                text7                              1304     1304       56        C       0
                text6                               8C8      8C8       FC        C       0
                text5                               C62      C62       B0        C       0
                text4                               2A6      2A6      18E        C       0
                text3                               E30      E30       8A        C       0
                text2                              1592     1592        E        C       0
                text1                                2C       2C      27A        C       0
                text0                               B90      B90       D2        C       0
                cstackCOMRAM                          1        1       2C        1       1
                bssCOMRAM                            2D       2D       17        1       1
                cinit                              151C     151C       1A        C       0

TOTAL           Name                               Link     Load   Length     Space
        CLASS   CODE           
                intcodelo                            18       18       10         0
                intcode                               8        8        6         0
                init                                 28       28        4         0
                reset_vec                             0        0        4         0
                text45                             109A     109A       74         0
                intcode_body                       13A8     13A8       4E         0
                text42                             15D2     15D2        8         0
                text41                             15CA     15CA        8         0
                text40                             14A0     14A0       2E         0
                text39                             1246     1246       62         0
                text38                             14F6     14F6       26         0
                text37                             12A8     12A8       5C         0
                text36                             1026     1026       74         0
                text35                             11E2     11E2       64         0
                text34                              7C0      7C0      108         0
                text33                             1472     1472       2E         0
                text32                              EBA      EBA       7C         0
                text31                              434      434      14E         0
                text30                             1560     1560       12         0
                text29                              DA2      DA2       8E         0
                text28                             1582     1582       10         0
                text27                             1572     1572       10         0
                text26                             110E     110E       6C         0
                text25                             117A     117A       68         0
                text24                              FB0      FB0       76         0
                text23                             135A     135A       4E         0
                text22                              582      582      124         0
                text21                             15AC     15AC        C         0
                text20                             14CE     14CE       28         0
                text19                              6A6      6A6      11A         0
                text18                             143C     143C       36         0
                text17                             15A0     15A0        C         0
                text16                             15B8     15B8        A         0
                text15                              AB8      AB8       D8         0
                text14                              F36      F36       7A         0
                text13                              9C4      9C4       F4         0
                text12                             13F6     13F6       46         0
                text11                             15C2     15C2        8         0
                text10                             154C     154C       14         0
                text9                               D12      D12       90         0
                text8                              1536     1536       16         0
                text7                              1304     1304       56         0
                text6                               8C8      8C8       FC         0
                text5                               C62      C62       B0         0
                text4                               2A6      2A6      18E         0
                text3                               E30      E30       8A         0
                text2                              1592     1592        E         0
                text1                                2C       2C      27A         0
                text0                               B90      B90       D2         0
                cinit                              151C     151C       1A         0

        CLASS   CONST          

        CLASS   SMALLCONST     

        CLASS   MEDIUMCONST    
                mediumconst                        FED6     FED6      12A         0

        CLASS   COMRAM         
                temp                                 44       44        1         1
                cstackCOMRAM                          1        1       2C         1
                bssCOMRAM                            2D       2D       17         1

        CLASS   ABS1           

        CLASS   BIGRAM         

        CLASS   RAM            

        CLASS   BANK0          

        CLASS   BANK1          

        CLASS   BANK2          

        CLASS   BANK3          

        CLASS   BANK4          

        CLASS   BANK5          

        CLASS   BANK6          

        CLASS   BANK7          

        CLASS   BANK8          

        CLASS   BANK9          

        CLASS   BANK10         

        CLASS   BANK11         

        CLASS   BANK12         

        CLASS   BANK13         

        CLASS   BANK14         

        CLASS   BANK15         

        CLASS   SFR            

        CLASS   BIGSFR         

        CLASS   CONFIG         
                config                           300000   300000        E         4

        CLASS   IDLOC          
                idloc                            200000   200000        8         5

        CLASS   EEDATA         
                eeprom_data                      F00000   F00000       10         0

        CLASS   FARRAM         

        CLASS   HEAP           

        CLASS   STACK          



SEGMENTS        Name                           Load    Length   Top    Selector   Space  Class

                reset_vec                      000000  000004  000004         0       0  CODE    
                cstackCOMRAM                   000001  000044  000045         1       1  COMRAM  
                mediumconst                    00FED6  00012A  010000      7F6B       0  MEDIUMCO
                eeprom_data                    F00000  000010  F00010    F00000       0  EEDATA  
                intcode                        000008  000006  00000E         4       0  CODE    
                intcodelo                      000018  0015C2  0015DA         C       0  CODE    


UNUSED ADDRESS RANGES

        Name                Unused          Largest block    Delta
        BANK0            000080-0000FF               80
        BANK1            000100-0001FF              100
        BANK10           000A00-000AFF              100
        BANK11           000B00-000BFF              100
        BANK12           000C00-000CFF              100
        BANK13           000D00-000DFF              100
        BANK14           000E00-000EFF              100
        BANK15           000F00-000F7F               80
        BANK2            000200-0002FF              100
        BANK3            000300-0003FF              100
        BANK4            000400-0004FF              100
        BANK5            000500-0005FF              100
        BANK6            000600-0006FF              100
        BANK7            000700-0007FF              100
        BANK8            000800-0008FF              100
        BANK9            000900-0009FF              100
        BIGRAM           000045-000F7F              F3B
        BIGSFR           000F80-000FFF               80
        CODE             000004-000007                4
                         00000E-000017                A
                         0015DA-00FED5             E8FC
        COMRAM           000045-00007F               3B
        CONST            000004-000007                4
                         00000E-000017                A
                         0015DA-00FED5             E8FC
        EEDATA           F00010-F003FF              3F0
        MEDIUMCONST      0015DA-00FED5             E8FC
        RAM              000080-000F7F              100
        SFR              000F80-000FFF               80
        SMALLCONST       0015DA-00FED5              100

                                  Symbol Table

?___awmod                  cstackCOMRAM 00000B
?___lwdiv                  cstackCOMRAM 000018
?___lwmod                  cstackCOMRAM 00000B
?___wmul                   cstackCOMRAM 000012
?_adc_amostra              cstackCOMRAM 00000B
?i2___lwdiv                cstackCOMRAM 000001
_ADCON0                    (abs)        000FC2
_ADCON0bits                (abs)        000FC2
_ADCON1                    (abs)        000FC1
_ADCON2                    (abs)        000FC0
_ADRESH                    (abs)        000FC4
_ADRESL                    (abs)        000FC3
_CCP1CON                   (abs)        000FBD
_CCPR1L                    (abs)        000FBE
_CMCON                     (abs)        000FB4
_EEADR                     (abs)        000FA9
_EECON1bits                (abs)        000FA6
_EECON2                    (abs)        000FA7
_EEDATA                    (abs)        000FA8
_INTCON2bits               (abs)        000FF1
_INTCONbits                (abs)        000FF2
_PIR1bits                  (abs)        000F9E
_PORTA                     (abs)        000F80
_PORTB                     (abs)        000F81
_PORTBbits                 (abs)        000F81
_PORTCbits                 (abs)        000F82
_PORTD                     (abs)        000F83
_PORTDbits                 (abs)        000F83
_PORTEbits                 (abs)        000F84
_PR2                       (abs)        000FCB
_RCREG                     (abs)        000FAE
_RCSTAbits                 (abs)        000FAB
_SPBRG                     (abs)        000FAF
_T0CONbits                 (abs)        000FD5
_T1CONbits                 (abs)        000FCD
_T2CONbits                 (abs)        000FCA
_TMR0H                     (abs)        000FD7
_TMR0L                     (abs)        000FD6
_TMR1H                     (abs)        000FCF
_TMR1L                     (abs)        000FCE
_TRISA                     (abs)        000F92
_TRISB                     (abs)        000F93
_TRISC                     (abs)        000F94
_TRISCbits                 (abs)        000F94
_TRISD                     (abs)        000F95
_TRISE                     (abs)        000F96
_TXREG                     (abs)        000FAD
_TXSTAbits                 (abs)        000FAC
__HRAM                     (abs)        000000
__Habs1                    abs1         000000
__Hbank0                   bank0        000000
__Hbank1                   bank1        000000
__Hbank10                  bank10       000000
__Hbank11                  bank11       000000
__Hbank12                  bank12       000000
__Hbank13                  bank13       000000
__Hbank14                  bank14       000000
__Hbank15                  bank15       000000
__Hbank2                   bank2        000000
__Hbank3                   bank3        000000
__Hbank4                   bank4        000000
__Hbank5                   bank5        000000
__Hbank6                   bank6        000000
__Hbank7                   bank7        000000
__Hbank8                   bank8        000000
__Hbank9                   bank9        000000
__Hbigbss                  bigbss       000000
__Hbigdata                 bigdata      000000
__Hbigram                  bigram       000000
__Hbigsfr                  bigsfr       000000
__Hbss                     bss          000000
__HbssCOMRAM               bssCOMRAM    000000
__Hcinit                   cinit        000000
__Hclrtext                 clrtext      000000
__Hcomram                  comram       000000
__Hconfig                  config       30000E
__Hconst                   const        000000
__HcstackCOMRAM            cstackCOMRAM 000000
__Hdata                    data         000000
__Heeprom_data             eeprom_data  F00010
__Hfarbss                  farbss       000000
__Hfardata                 fardata      000000
__Hheap                    heap         000000
__Hibigdata                ibigdata     000000
__Hidata                   idata        000000
__Hidloc                   idloc        200008
__Hifardata                ifardata     000000
__Hinit                    init         00002C
__Hintcode                 intcode      00000E
__Hintcode_body            intcode_body 000000
__Hintcodelo               intcodelo    000028
__Hintentry                intentry     000000
__Hintret                  intret       000000
__Hintsave_regs            intsave_regs 000000
__Hirdata                  irdata       000000
__Hmediumconst             mediumconst  010000
__HnvFARRAM                nvFARRAM     000000
__Hnvbit                   nvbit        000000
__Hnvrram                  nvrram       000000
__Hparam                   rparam       000000
__Hpowerup                 powerup      000028
__Hram                     ram          000000
__Hramtop                  ramtop       001000
__Hrbit                    rbit         000000
__Hrbss                    rbss         000000
__Hrdata                   rdata        000000
__Hreset_vec               reset_vec    000004
__Hrparam                  rparam       000000
__Hsfr                     sfr          000000
__Hsmallconst              smallconst   000000
__Hspace_0                 (abs)        F00010
__Hspace_1                 (abs)        000045
__Hspace_2                 (abs)        000000
__Hspace_4                 (abs)        60000E
__Hstack                   stack        000000
__Hstruct                  struct       000000
__Htemp                    temp         000045
__Htext                    text         000000
__Htext0                   text0        000000
__Htext1                   text1        000000
__Htext10                  text10       000000
__Htext11                  text11       000000
__Htext12                  text12       000000
__Htext13                  text13       000000
__Htext14                  text14       000000
__Htext15                  text15       000000
__Htext16                  text16       000000
__Htext17                  text17       000000
__Htext18                  text18       000000
__Htext19                  text19       000000
__Htext2                   text2        000000
__Htext20                  text20       000000
__Htext21                  text21       000000
__Htext22                  text22       000000
__Htext23                  text23       000000
__Htext24                  text24       000000
__Htext25                  text25       000000
__Htext26                  text26       000000
__Htext27                  text27       000000
__Htext28                  text28       000000
__Htext29                  text29       000000
__Htext3                   text3        000000
__Htext30                  text30       000000
__Htext31                  text31       000000
__Htext32                  text32       000000
__Htext33                  text33       000000
__Htext34                  text34       000000
__Htext35                  text35       000000
__Htext36                  text36       000000
__Htext37                  text37       000000
__Htext38                  text38       000000
__Htext39                  text39       000000
__Htext4                   text4        000000
__Htext40                  text40       000000
__Htext41                  text41       000000
__Htext42                  text42       000000
__Htext45                  text45       000000
__Htext5                   text5        000000
__Htext6                   text6        000000
__Htext7                   text7        000000
__Htext8                   text8        000000
__Htext9                   text9        000000
__LRAM                     (abs)        000001
__Labs1                    abs1         000000
__Lbank0                   bank0        000000
__Lbank1                   bank1        000000
__Lbank10                  bank10       000000
__Lbank11                  bank11       000000
__Lbank12                  bank12       000000
__Lbank13                  bank13       000000
__Lbank14                  bank14       000000
__Lbank15                  bank15       000000
__Lbank2                   bank2        000000
__Lbank3                   bank3        000000
__Lbank4                   bank4        000000
__Lbank5                   bank5        000000
__Lbank6                   bank6        000000
__Lbank7                   bank7        000000
__Lbank8                   bank8        000000
__Lbank9                   bank9        000000
__Lbigbss                  bigbss       000000
__Lbigdata                 bigdata      000000
__Lbigram                  bigram       000000
__Lbigsfr                  bigsfr       000000
__Lbss                     bss          000000
__LbssCOMRAM               bssCOMRAM    000000
__Lcinit                   cinit        000000
__Lclrtext                 clrtext      000000
__Lcomram                  comram       000000
__Lconfig                  config       000000
__Lconst                   const        000000
__LcstackCOMRAM            cstackCOMRAM 000000
__Ldata                    data         000000
__Leeprom_data             eeprom_data  F00000
__Lfarbss                  farbss       000000
__Lfardata                 fardata      000000
__Lheap                    heap         000000
__Libigdata                ibigdata     000000
__Lidata                   idata        000000
__Lidloc                   idloc        000000
__Lifardata                ifardata     000000
__Linit                    init         000028
__Lintcode                 intcode      000008
__Lintcode_body            intcode_body 000000
__Lintcodelo               intcodelo    000018
__Lintentry                intentry     000000
__Lintret                  intret       000000
__Lintsave_regs            intsave_regs 000000
__Lirdata                  irdata       000000
__Lmediumconst             mediumconst  00FED6
__LnvFARRAM                nvFARRAM     000000
__Lnvbit                   nvbit        000000
__Lnvrram                  nvrram       000000
__Lparam                   rparam       000000
__Lpowerup                 powerup      000028
__Lram                     ram          000000
__Lramtop                  ramtop       001000
__Lrbit                    rbit         000000
__Lrbss                    rbss         000000
__Lrdata                   rdata        000000
__Lreset_vec               reset_vec    000000
__Lrparam                  rparam       000000
__Lsfr                     sfr          000000
__Lsmallconst              smallconst   000000
__Lspace_0                 (abs)        000000
__Lspace_1                 (abs)        000000
__Lspace_2                 (abs)        000000
__Lspace_4                 (abs)        000000
__Lstack                   stack        000000
__Lstruct                  struct       000000
__Ltemp                    temp         000044
__Ltext                    text         000000
__Ltext0                   text0        000000
__Ltext1                   text1        000000
__Ltext10                  text10       000000
__Ltext11                  text11       000000
__Ltext12                  text12       000000
__Ltext13                  text13       000000
__Ltext14                  text14       000000
__Ltext15                  text15       000000
__Ltext16                  text16       000000
__Ltext17                  text17       000000
__Ltext18                  text18       000000
__Ltext19                  text19       000000
__Ltext2                   text2        000000
__Ltext20                  text20       000000
__Ltext21                  text21       000000
__Ltext22                  text22       000000
__Ltext23                  text23       000000
__Ltext24                  text24       000000
__Ltext25                  text25       000000
__Ltext26                  text26       000000
__Ltext27                  text27       000000
__Ltext28                  text28       000000
__Ltext29                  text29       000000
__Ltext3                   text3        000000
__Ltext30                  text30       000000
__Ltext31                  text31       000000
__Ltext32                  text32       000000
__Ltext33                  text33       000000
__Ltext34                  text34       000000
__Ltext35                  text35       000000
__Ltext36                  text36       000000
__Ltext37                  text37       000000
__Ltext38                  text38       000000
__Ltext39                  text39       000000
__Ltext4                   text4        000000
__Ltext40                  text40       000000
__Ltext41                  text41       000000
__Ltext42                  text42       000000
__Ltext45                  text45       000000
__Ltext5                   text5        000000
__Ltext6                   text6        000000
__Ltext7                   text7        000000
__Ltext8                   text8        000000
__Ltext9                   text9        000000
__S0                       (abs)        F00010
__S1                       (abs)        000045
__S4                       (abs)        000000
__S5                       (abs)        000000
___awmod                   text5        000C62
___awmod@counter           cstackCOMRAM 00000F
___awmod@dividend          cstackCOMRAM 00000B
___awmod@divisor           cstackCOMRAM 00000D
___awmod@sign              cstackCOMRAM 000010
___heap_hi                 (abs)        000000
___heap_lo                 (abs)        000000
___inthi_sp                stack        000000
___intlo_sp                stack        000000
___lwdiv                   text36       001026
___lwdiv@counter           cstackCOMRAM 00001E
___lwdiv@dividend          cstackCOMRAM 000018
___lwdiv@divisor           cstackCOMRAM 00001A
___lwdiv@quotient          cstackCOMRAM 00001C
___lwmod                   text35       0011E2
___lwmod@counter           cstackCOMRAM 00000F
___lwmod@dividend          cstackCOMRAM 00000B
___lwmod@divisor           cstackCOMRAM 00000D
___param_bank              (abs)        000000
___rparam_used             (abs)        000001
___sp                      stack        000000
___wmul                    text38       0014F6
___wmul@multiplicand       cstackCOMRAM 000014
___wmul@multiplier         cstackCOMRAM 000012
___wmul@product            cstackCOMRAM 000016
__accesstop                (abs)        000080
__activetblptr             (abs)        000002
__end_of___awmod           text5        000D12
__end_of___lwdiv           text36       00109A
__end_of___lwmod           text35       001246
__end_of___wmul            text38       00151C
__end_of__initialization   cinit        001528
__end_of_adc_amostra       text37       001304
__end_of_adc_init          text2        0015A0
__end_of_delay             text30       001572
__end_of_display7s         text13       000AB8
__end_of_e2pext_r          text25       0011E2
__end_of_e2pext_w          text24       001026
__end_of_e2prom_r          text21       0015B8
__end_of_e2prom_w          text20       0014F6
__end_of_getd              text17       0015AC
__end_of_getu              text16       0015C2
__end_of_i2c_init          text42       0015DA
__end_of_i2c_rb            text29       000E30
__end_of_i2c_start         text28       001592
__end_of_i2c_stop          text27       001582
__end_of_i2c_wb            text26       00117A
__end_of_isrh              intcode_body 0013F6
__end_of_isrl              intcodelo    000028
__end_of_itoa              text34       0008C8
__end_of_lcd_cmd           text40       0014CE
__end_of_lcd_dat           text33       0014A0
__end_of_lcd_init          text39       0012A8
__end_of_lcd_str           text32       000F36
__end_of_lcd_wr            text41       0015D2
__end_of_linha             mediumconst  00FEDB
__end_of_main              text0        000C62
__end_of_rtc_r             text15       000B90
__end_of_serial_end        text11       0015CA
__end_of_serial_init       text10       001560
__end_of_serial_rx         text9        000DA2
__end_of_serial_tx         text8        00154C
__end_of_serial_tx_str     text7        00135A
__end_of_tc_tecla          text4        000434
__end_of_teste_ADC         text31       000582
__end_of_teste_EEPROM_EXT  text22       0006A6
__end_of_teste_EEPROM_INT  text19       0007C0
__end_of_teste_LCD         text18       001472
__end_of_teste_RTC         text14       000FB0
__end_of_teste_display7s   text12       00143C
__end_of_teste_serial      text6        0009C4
__end_of_teste_teclado2    text3        000EBA
__end_of_teste_temperatura text1        0002A6
__end_of_waitbtn           text23       0013A8
__end_ofi2___lwdiv         text45       00110E
__initialization           cinit        00151C
__mediumconst              mediumconst  00FED6
__pbssCOMRAM               bssCOMRAM    00002D
__pcinit                   cinit        00151C
__pcstackCOMRAM            cstackCOMRAM 000001
__pintcode                 intcode      000008
__pintcode_body            intcode_body 0013A8
__pintcodelo               intcodelo    000018
__pmediumconst             mediumconst  00FED6
__ptext0                   text0        000B90
__ptext1                   text1        00002C
__ptext10                  text10       00154C
__ptext11                  text11       0015C2
__ptext12                  text12       0013F6
__ptext13                  text13       0009C4
__ptext14                  text14       000F36
__ptext15                  text15       000AB8
__ptext16                  text16       0015B8
__ptext17                  text17       0015A0
__ptext18                  text18       00143C
__ptext19                  text19       0006A6
__ptext2                   text2        001592
__ptext20                  text20       0014CE
__ptext21                  text21       0015AC
__ptext22                  text22       000582
__ptext23                  text23       00135A
__ptext24                  text24       000FB0
__ptext25                  text25       00117A
__ptext26                  text26       00110E
__ptext27                  text27       001572
__ptext28                  text28       001582
__ptext29                  text29       000DA2
__ptext3                   text3        000E30
__ptext30                  text30       001560
__ptext31                  text31       000434
__ptext32                  text32       000EBA
__ptext33                  text33       001472
__ptext34                  text34       0007C0
__ptext35                  text35       0011E2
__ptext36                  text36       001026
__ptext37                  text37       0012A8
__ptext38                  text38       0014F6
__ptext39                  text39       001246
__ptext4                   text4        0002A6
__ptext40                  text40       0014A0
__ptext41                  text41       0015CA
__ptext42                  text42       0015D2
__ptext45                  text45       00109A
__ptext5                   text5        000C62
__ptext6                   text6        0008C8
__ptext7                   text7        001304
__ptext8                   text8        001536
__ptext9                   text9        000D12
__ramtop                   ramtop       001000
__smallconst               smallconst   000000
_adc_amostra               text37       0012A8
_adc_init                  text2        001592
_cnt                       bssCOMRAM    00002F
_date                      bssCOMRAM    00003A
_delay                     text30       001560
_display7s                 text13       0009C4
_e2pext_r                  text25       00117A
_e2pext_w                  text24       000FB0
_e2prom_r                  text21       0015AC
_e2prom_w                  text20       0014CE
_getd                      text17       0015A0
_getu                      text16       0015B8
_i2c_init                  text42       0015D2
_i2c_rb                    text29       000DA2
_i2c_start                 text28       001582
_i2c_stop                  text27       001572
_i2c_wb                    text26       00110E
_isrh                      intcode      000008
_isrl                      intcodelo    000018
_itoa                      text34       0007C0
_lcd_cmd                   text40       0014A0
_lcd_dat                   text33       001472
_lcd_init                  text39       001246
_lcd_str                   text32       000EBA
_lcd_wr                    text41       0015CA
_linha                     mediumconst  00FED7
_main                      text0        000B90
_rtc_r                     text15       000AB8
_serial_end                text11       0015C2
_serial_init               text10       00154C
_serial_rx                 text9        000D12
_serial_tx                 text8        001536
_serial_tx_str             text7        001304
_t1cont                    bssCOMRAM    00002D
_tc_tecla                  text4        0002A6
_teste_ADC                 text31       000434
_teste_EEPROM_EXT          text22       000582
_teste_EEPROM_INT          text19       0006A6
_teste_LCD                 text18       00143C
_teste_RTC                 text14       000F36
_teste_display7s           text12       0013F6
_teste_serial              text6        0008C8
_teste_teclado2            text3        000E30
_teste_temperatura         text1        00002C
_time                      bssCOMRAM    000030
_waitbtn                   text23       00135A
adc_amostra@canal          cstackCOMRAM 000011
btemp                      temp         000044
display7s@v                cstackCOMRAM 00000B
e2pext_r@addr              cstackCOMRAM 000010
e2pext_r@ah                cstackCOMRAM 000014
e2pext_r@al                cstackCOMRAM 000013
e2pext_r@ret               cstackCOMRAM 000012
e2pext_w@addr              cstackCOMRAM 000015
e2pext_w@ah                cstackCOMRAM 000018
e2pext_w@al                cstackCOMRAM 000019
e2pext_w@nt                cstackCOMRAM 00001A
e2pext_w@tmp               cstackCOMRAM 00001B
e2pext_w@val               cstackCOMRAM 000017
e2prom_r@addr              cstackCOMRAM 00000B
e2prom_w@addr              cstackCOMRAM 00000C
e2prom_w@val               cstackCOMRAM 00000B
end_of_initialization      cinit        001528
getd@nn                    cstackCOMRAM 00000B
getu@nn                    cstackCOMRAM 00000B
i2___lwdiv                 text45       00109A
i2___lwdiv@counter         cstackCOMRAM 000007
i2___lwdiv@dividend        cstackCOMRAM 000001
i2___lwdiv@divisor         cstackCOMRAM 000003
i2___lwdiv@quotient        cstackCOMRAM 000005
i2c_rb@ack                 cstackCOMRAM 00000D
i2c_rb@i                   cstackCOMRAM 00000F
i2c_rb@ret                 cstackCOMRAM 00000E
i2c_wb@i                   cstackCOMRAM 00000E
i2c_wb@val                 cstackCOMRAM 00000D
int$flags                  temp         000044
int_func                   intcode_body 0013A8
intlevel0                  text         000000
intlevel1                  text         000000
intlevel2                  text         000000
intlevel3                  text         000000
isa$std                    (abs)        000001
isa$xinst                  (abs)        000000
itoa@str                   cstackCOMRAM 000021
itoa@val                   cstackCOMRAM 00001F
lcd_cmd@val                cstackCOMRAM 00000D
lcd_dat@val                cstackCOMRAM 00000D
lcd_str@i                  cstackCOMRAM 000012
lcd_str@str                cstackCOMRAM 00000E
lcd_wr@val                 cstackCOMRAM 00000B
rtc_r@tmp                  cstackCOMRAM 000010
serial_rx@timeout          cstackCOMRAM 00000B
serial_rx@to               cstackCOMRAM 00000E
serial_tx@val              cstackCOMRAM 00000B
serial_tx_str@i            cstackCOMRAM 000010
serial_tx_str@val          cstackCOMRAM 00000C
stackhi                    (abs)        000000
stacklo                    (abs)        000000
start                      init         000028
start_initialization       cinit        00151C
tc_tecla@i                 cstackCOMRAM 000012
tc_tecla@ret               cstackCOMRAM 000011
tc_tecla@timeout           cstackCOMRAM 00000B
tc_tecla@tmp               cstackCOMRAM 000010
tc_tecla@to                cstackCOMRAM 00000E
teste_ADC@str              cstackCOMRAM 000024
teste_ADC@tmp              cstackCOMRAM 00002A
teste_EEPROM_EXT@i         cstackCOMRAM 00001E
teste_EEPROM_INT@i         cstackCOMRAM 000015
teste_EEPROM_INT@tmp       cstackCOMRAM 000016
teste_serial@i             cstackCOMRAM 000016
teste_serial@tmp           cstackCOMRAM 000015
teste_teclado2@i           cstackCOMRAM 000015
teste_teclado2@num         cstackCOMRAM 000013
teste_teclado2@tmp         cstackCOMRAM 000014
teste_temperatura@str      cstackCOMRAM 000025
teste_temperatura@tmpi     cstackCOMRAM 00002B
ttemp5                     temp         000045
ttemp6                     temp         000048
ttemp7                     temp         00004C
wtemp8                     temp         000045


MODULE INFORMATION

Module		Function		Class		Link	Load	Size
serial.c
		_serial_rx     		CODE           	0D12	0000	144
		_serial_tx     		CODE           	1536	0000	22
		_serial_end    		CODE           	15C2	0000	8
		_serial_init   		CODE           	154C	0000	20
		_serial_tx_str 		CODE           	1304	0000	86

serial.c estimated size: 280

eeprom_ext.c
		_e2pext_r      		CODE           	117A	0000	104
		_e2pext_w      		CODE           	0FB0	0000	118

eeprom_ext.c estimated size: 222

teste_b4.c
		_teste_ADC     		CODE           	0434	0000	334
		_main          		CODE           	0B90	0000	210
		_waitbtn       		CODE           	135A	0000	78
		_teste_teclado2		CODE           	0E30	0000	138
		_isrh          		CODE           	0008	0000	84
		_teste_temperatura		CODE           	002C	0000	634
		_teste_serial  		CODE           	08C8	0000	252
		_teste_LCD     		CODE           	143C	0000	54
		_teste_display7s		CODE           	13F6	0000	70
		_teste_EEPROM_INT		CODE           	06A6	0000	282
		_teste_EEPROM_EXT		CODE           	0582	0000	292
		_isrl          		CODE           	0018	0000	16
		_teste_RTC     		CODE           	0F36	0000	122

teste_b4.c estimated size: 2566

rtc_r.c
		_getu          		CODE           	15B8	0000	10
		_rtc_r         		CODE           	0AB8	0000	216
		_getd          		CODE           	15A0	0000	12

rtc_r.c estimated size: 238

teclado.c
		_tc_tecla      		CODE           	02A6	0000	398

teclado.c estimated size: 398

/opt/microchip/xc8/v2.36/pic/sources/c90/common/lwmod.c
		___lwmod       		CODE           	11E2	0000	100

/opt/microchip/xc8/v2.36/pic/sources/c90/common/lwmod.c estimated size: 100

i2c.c
		_i2c_rb        		CODE           	0DA2	0000	142
		_delay         		CODE           	1560	0000	18
		_i2c_start     		CODE           	1582	0000	16
		_i2c_stop      		CODE           	1572	0000	16
		_i2c_init      		CODE           	15D2	0000	8
		_i2c_wb        		CODE           	110E	0000	108

i2c.c estimated size: 308

/opt/microchip/xc8/v2.36/pic/sources/c90/common/awmod.c
		___awmod       		CODE           	0C62	0000	176

/opt/microchip/xc8/v2.36/pic/sources/c90/common/awmod.c estimated size: 176

display7s.c
		_display7s     		CODE           	09C4	0000	244

display7s.c estimated size: 244

eeprom.c
		_e2prom_r      		CODE           	15AC	0000	12
		_e2prom_w      		CODE           	14CE	0000	40

eeprom.c estimated size: 52

adc.c
		_adc_amostra   		CODE           	12A8	0000	92
		_adc_init      		CODE           	1592	0000	14

adc.c estimated size: 106

shared
		i2___lwdiv     		CODE           	109A	0000	116
		__initialization		CODE           	151C	0000	12
		_linha         		MEDIUMCONST    	FED7	0000	4

shared estimated size: 132

/opt/microchip/xc8/v2.36/pic/sources/c90/common/lwdiv.c
		___lwdiv       		CODE           	1026	0000	116

/opt/microchip/xc8/v2.36/pic/sources/c90/common/lwdiv.c estimated size: 116

/opt/microchip/xc8/v2.36/pic/sources/c90/common/Umul16.c
		___wmul        		CODE           	14F6	0000	38

/opt/microchip/xc8/v2.36/pic/sources/c90/common/Umul16.c estimated size: 38

lcd.c
		_lcd_cmd       		CODE           	14A0	0000	46
		_lcd_dat       		CODE           	1472	0000	46
		_lcd_wr        		CODE           	15CA	0000	8
		_lcd_str       		CODE           	0EBA	0000	124
		_lcd_init      		CODE           	1246	0000	98

lcd.c estimated size: 322

itoa.c
		_itoa          		CODE           	07C0	0000	264

itoa.c estimated size: 264

